// Jest Snapshot v1, https://goo.gl/fbAQLP

exports[`<Block> simply render childrens 1`] = `
<DocumentFragment>
  <p>
    children
  </p>
</DocumentFragment>
`;
